******************************************************************************
                  TI ARM Linker PC v20.2.7                     
******************************************************************************
>> Linked Sat Aug  3 18:07:30 2024

OUTPUT FILE NAME:   <Calculator_StopWatch_Timer.out>
ENTRY POINT SYMBOL: "_c_int00_noargs"  address: 000010e9


MEMORY CONFIGURATION

         name            origin    length      used     unused   attr    fill
----------------------  --------  ---------  --------  --------  ----  --------
  FLASH                 00000000   00040000  00001228  0003edd8  R  X
  SRAM                  20000000   00008000  0000028d  00007d73  RW X


SEGMENT ALLOCATION MAP

run origin  load origin   length   init length attrs members
----------  ----------- ---------- ----------- ----- -------
00000000    00000000    00001228   00001228    r-x
  00000000    00000000    0000026c   0000026c    r-- .intvecs
  0000026c    0000026c    00000f7c   00000f7c    r-x .text
  000011e8    000011e8    00000010   00000010    r-- .const
  000011f8    000011f8    00000030   00000030    r-- .cinit
20000000    20000000    0000028d   00000000    rw-
  20000000    20000000    00000200   00000000    rw- .stack
  20000200    20000200    00000087   00000000    rw- .bss
  20000287    20000287    00000006   00000000    rw- .data


SECTION ALLOCATION MAP

 output                                  attributes/
section   page    origin      length       input sections
--------  ----  ----------  ----------   ----------------
.intvecs   0    00000000    0000026c     
                  00000000    0000026c     tm4c123gh6pm_startup_ccs.obj (.intvecs)

.text      0    0000026c    00000f7c     
                  0000026c    00000356     Calculator_App.obj (.text)
                  000005c2    00000002     --HOLE-- [fill = 0]
                  000005c4    00000208     Lcd.obj (.text)
                  000007cc    000001fc     Gpio.obj (.text)
                  000009c8    00000158     TimerMode.obj (.text)
                  00000b20    00000128     main.obj (.text)
                  00000c48    000000e4     Keypad.obj (.text)
                  00000d2c    000000bc     StopWatch.obj (.text)
                  00000de8    000000b8     Stack.obj (.text)
                  00000ea0    0000009c     rtsv7M4_T_le_v4SPD16_eabi.lib : memcpy_t2.asm.obj (.text)
                  00000f3c    00000078     Gptm.obj (.text)
                  00000fb4    00000068     rtsv7M4_T_le_v4SPD16_eabi.lib : copy_decompress_lzss.c.obj (.text:decompress:lzss:__TI_decompress_lzss)
                  0000101c    00000048     Systick.obj (.text)
                  00001064    00000044     rtsv7M4_T_le_v4SPD16_eabi.lib : autoinit.c.obj (.text:__TI_auto_init_nobinit_nopinit:__TI_auto_init_nobinit_nopinit)
                  000010a8    00000040     Delay.obj (.text)
                  000010e8    00000034     rtsv7M4_T_le_v4SPD16_eabi.lib : boot_cortex_m.c.obj (.text:_c_int00_noargs:_c_int00_noargs)
                  0000111c    0000001c     EXTI_IRQ.obj (.text)
                  00001138    0000001c     Gptm_IRQ.obj (.text)
                  00001154    0000001c     rtsv7M4_T_le_v4SPD16_eabi.lib : copy_zero_init.c.obj (.text:decompress:ZI:__TI_zero_init_nomemset:__TI_zero_init_nomemset)
                  00001170    00000018                                   : ll_mul_t2.asm.obj (.text)
                  00001188    00000010     GptmIF.obj (.text)
                  00001198    00000010     Led.obj (.text)
                  000011a8    00000010     SystickIF.obj (.text)
                  000011b8    0000000e     rtsv7M4_T_le_v4SPD16_eabi.lib : copy_decompress_none.c.obj (.text:decompress:none:__TI_decompress_none)
                  000011c6    00000002     --HOLE-- [fill = 0]
                  000011c8    0000000c     Systick_IRQ.obj (.text)
                  000011d4    0000000c     tm4c123gh6pm_startup_ccs.obj (.text)
                  000011e0    00000004     rtsv7M4_T_le_v4SPD16_eabi.lib : pre_init.c.obj (.text:_system_pre_init)
                  000011e4    00000004                                   : exit.c.obj (.text:abort:abort)

.const     0    000011e8    00000010     
                  000011e8    00000010     Keypad.obj (.const:$P$T0$1)

.cinit     0    000011f8    00000030     
                  000011f8    0000000c     (__TI_handler_table)
                  00001204    00000004     --HOLE-- [fill = 0]
                  00001208    00000008     (.cinit..bss.load) [load image, compression = zero_init]
                  00001210    00000007     (.cinit..data.load) [load image, compression = lzss]
                  00001217    00000001     --HOLE-- [fill = 0]
                  00001218    00000010     (__TI_cinit_table)

.init_array 
*          0    00000000    00000000     UNINITIALIZED

.bss       0    20000200    00000087     UNINITIALIZED
                  20000200    0000007c     (.common:stack)
                  2000027c    00000002     (.common:Num1)
                  2000027e    00000002     (.common:Num2)
                  20000280    00000001     (.common:Exti_Flag)
                  20000281    00000001     (.common:Flag)
                  20000282    00000001     (.common:Flags)
                  20000283    00000001     (.common:Min_Value)
                  20000284    00000001     (.common:Mode)
                  20000285    00000001     (.common:Op)
                  20000286    00000001     (.common:Sec_Value)

.data      0    20000287    00000006     UNINITIALIZED
                  20000287    00000004     StopWatch.obj (.data)
                  2000028b    00000002     TimerMode.obj (.data)

.stack     0    20000000    00000200     UNINITIALIZED
                  20000000    00000004     rtsv7M4_T_le_v4SPD16_eabi.lib : boot_cortex_m.c.obj (.stack)
                  20000004    000001fc     --HOLE--

__llvm_prf_cnts 
*          0    20000000    00000000     UNINITIALIZED

MODULE SUMMARY

       Module                         code   ro data   rw data
       ------                         ----   -------   -------
    .\
       Calculator_App.obj             854    0         6      
       Lcd.obj                        520    0         124    
       tm4c123gh6pm_startup_ccs.obj   12     620       0      
       Gpio.obj                       508    0         0      
       TimerMode.obj                  344    0         4      
       main.obj                       296    0         3      
       Keypad.obj                     228    16        0      
       StopWatch.obj                  188    0         4      
       Stack.obj                      184    0         0      
       Gptm.obj                       120    0         0      
       Systick.obj                    72     0         0      
       Delay.obj                      64     0         0      
       EXTI_IRQ.obj                   28     0         0      
       Gptm_IRQ.obj                   28     0         0      
       GptmIF.obj                     16     0         0      
       Led.obj                        16     0         0      
       SystickIF.obj                  16     0         0      
       Systick_IRQ.obj                12     0         0      
    +--+------------------------------+------+---------+---------+
       Total:                         3506   636       141    
                                                              
    C:\ti\ccs1260\ccs\tools\compiler\ti-cgt-arm_20.2.7.LTS\lib\rtsv7M4_T_le_v4SPD16_eabi.lib
       memcpy_t2.asm.obj              156    0         0      
       copy_decompress_lzss.c.obj     104    0         0      
       autoinit.c.obj                 68     0         0      
       boot_cortex_m.c.obj            52     0         0      
       copy_zero_init.c.obj           28     0         0      
       ll_mul_t2.asm.obj              24     0         0      
       copy_decompress_none.c.obj     14     0         0      
       exit.c.obj                     4      0         0      
       pre_init.c.obj                 4      0         0      
    +--+------------------------------+------+---------+---------+
       Total:                         454    0         0      
                                                              
       Stack:                         0      0         512    
       Linker Generated:              0      43        0      
    +--+------------------------------+------+---------+---------+
       Grand Total:                   3960   679       653    


LINKER GENERATED COPY TABLES

__TI_cinit_table @ 00001218 records: 2, size/record: 8, table size: 16
	.bss: load addr=00001208, load size=00000008 bytes, run addr=20000200, run size=00000087 bytes, compression=zero_init
	.data: load addr=00001210, load size=00000007 bytes, run addr=20000287, run size=00000006 bytes, compression=lzss


LINKER GENERATED HANDLER TABLE

__TI_handler_table @ 000011f8 records: 3, size/record: 4, table size: 12
	index: 0, handler: __TI_decompress_lzss
	index: 1, handler: __TI_decompress_none
	index: 2, handler: __TI_zero_init


GLOBAL SYMBOLS: SORTED ALPHABETICALLY BY Name 

address   name                          
-------   ----                          
000011e5  C$$EXIT                       
0000050d  Calculator                    
0000031b  Calculator_Init               
0000026d  Clear_Operation_Handle        
000010a9  Delay_MS                      
0000111d  EXTI4_Handler                 
20000280  Exti_Flag                     
20000281  Flag                          
20000282  Flags                         
00000905  GPIO_BLUE_LED                 
0000093b  GPIO_Turn_Blue_Led_Off        
0000092f  GPIO_Turn_Blue_Led_On         
00001139  GPTM_Timer0_Handler           
00000c49  GetKeyPressed                 
20000288  Gptm_Flag                     
00000f3d  Gptm_Init                     
20000287  Is_StopWatch_Displayed        
0000082f  KepadPinsInit                 
00000701  LCD_voidSetXYPosition         
000007cd  LcdDataPins                   
000007fb  Lcd_CtrlPins                  
0000067b  Lcd_DisplayCompleteNum        
0000062f  Lcd_DisplayData               
000006e3  Lcd_DisplayString             
000005c5  Lcd_Init                      
000005e3  Lcd_SendCommand               
000011a1  Led_Off                       
00001199  Led_On                        
2000028a  Min_Val                       
20000283  Min_Value                     
20000284  Mode                          
2000027c  Num1                          
2000027e  Num2                          
20000285  Op                            
00000895  PushButtonInit                
000011d5  ResetISR                      
00000d2d  Reset_StopWatch               
000009c9  Reset_Timer_Handle            
20000289  Sec_Val                       
20000286  Sec_Value                     
0000073b  Show_Timer_Value              
00000f77  Start_Gptm_Timer              
00001189  Start_StopWatch_Timer         
0000101d  Start_Systick_Timer           
00000d4d  StopWatch_App                 
00000f89  Stop_Gptm_Timer               
00001191  Stop_StopWatch_Timer          
00001041  Stop_Systick_Timer            
000002cf  Store_Result_Handle           
000011c9  Systick_Handler               
2000028c  Timer_Flag                    
000009e7  Timer_Mode_App                
20000200  __STACK_END                   
00000200  __STACK_SIZE                  
20000200  __STACK_TOP                   
00001218  __TI_CINIT_Base               
00001228  __TI_CINIT_Limit              
000011f8  __TI_Handler_Table_Base       
00001204  __TI_Handler_Table_Limit      
00001065  __TI_auto_init_nobinit_nopinit
00000fb5  __TI_decompress_lzss          
000011b9  __TI_decompress_none          
ffffffff  __TI_pprof_out_hndl           
ffffffff  __TI_prof_data_size           
ffffffff  __TI_prof_data_start          
00000000  __TI_static_base__            
00001155  __TI_zero_init_nomemset       
00001171  __aeabi_lmul                  
00000ea1  __aeabi_memcpy                
00000ea1  __aeabi_memcpy4               
00000ea1  __aeabi_memcpy8               
ffffffff  __binit__                     
ffffffff  __c_args__                    
UNDEFED   __mpu_init                    
20000000  __stack                       
20000000  __start___llvm_prf_cnts       
20000000  __stop___llvm_prf_cnts        
000010e9  _c_int00_noargs               
UNDEFED   _system_post_cinit            
000011e1  _system_pre_init              
000011e5  abort                         
ffffffff  binit                         
00000e8f  clearStack                    
00000000  g_pfnVectors                  
00000de9  init                          
00000dfb  isFull                        
2000028b  is_displayed                  
00000e13  isempty                       
00000b21  main                          
00000ea1  memcpy                        
00000e57  pop                           
00000e2d  push                          
20000200  stack                         
00000e7f  stack_size                    
000011a9  start_timer                   
000011b1  stop_timer                    


GLOBAL SYMBOLS: SORTED BY Symbol Address 

address   name                          
-------   ----                          
00000000  __TI_static_base__            
00000000  g_pfnVectors                  
00000200  __STACK_SIZE                  
0000026d  Clear_Operation_Handle        
000002cf  Store_Result_Handle           
0000031b  Calculator_Init               
0000050d  Calculator                    
000005c5  Lcd_Init                      
000005e3  Lcd_SendCommand               
0000062f  Lcd_DisplayData               
0000067b  Lcd_DisplayCompleteNum        
000006e3  Lcd_DisplayString             
00000701  LCD_voidSetXYPosition         
0000073b  Show_Timer_Value              
000007cd  LcdDataPins                   
000007fb  Lcd_CtrlPins                  
0000082f  KepadPinsInit                 
00000895  PushButtonInit                
00000905  GPIO_BLUE_LED                 
0000092f  GPIO_Turn_Blue_Led_On         
0000093b  GPIO_Turn_Blue_Led_Off        
000009c9  Reset_Timer_Handle            
000009e7  Timer_Mode_App                
00000b21  main                          
00000c49  GetKeyPressed                 
00000d2d  Reset_StopWatch               
00000d4d  StopWatch_App                 
00000de9  init                          
00000dfb  isFull                        
00000e13  isempty                       
00000e2d  push                          
00000e57  pop                           
00000e7f  stack_size                    
00000e8f  clearStack                    
00000ea1  __aeabi_memcpy                
00000ea1  __aeabi_memcpy4               
00000ea1  __aeabi_memcpy8               
00000ea1  memcpy                        
00000f3d  Gptm_Init                     
00000f77  Start_Gptm_Timer              
00000f89  Stop_Gptm_Timer               
00000fb5  __TI_decompress_lzss          
0000101d  Start_Systick_Timer           
00001041  Stop_Systick_Timer            
00001065  __TI_auto_init_nobinit_nopinit
000010a9  Delay_MS                      
000010e9  _c_int00_noargs               
0000111d  EXTI4_Handler                 
00001139  GPTM_Timer0_Handler           
00001155  __TI_zero_init_nomemset       
00001171  __aeabi_lmul                  
00001189  Start_StopWatch_Timer         
00001191  Stop_StopWatch_Timer          
00001199  Led_On                        
000011a1  Led_Off                       
000011a9  start_timer                   
000011b1  stop_timer                    
000011b9  __TI_decompress_none          
000011c9  Systick_Handler               
000011d5  ResetISR                      
000011e1  _system_pre_init              
000011e5  C$$EXIT                       
000011e5  abort                         
000011f8  __TI_Handler_Table_Base       
00001204  __TI_Handler_Table_Limit      
00001218  __TI_CINIT_Base               
00001228  __TI_CINIT_Limit              
20000000  __stack                       
20000000  __start___llvm_prf_cnts       
20000000  __stop___llvm_prf_cnts        
20000200  __STACK_END                   
20000200  __STACK_TOP                   
20000200  stack                         
2000027c  Num1                          
2000027e  Num2                          
20000280  Exti_Flag                     
20000281  Flag                          
20000282  Flags                         
20000283  Min_Value                     
20000284  Mode                          
20000285  Op                            
20000286  Sec_Value                     
20000287  Is_StopWatch_Displayed        
20000288  Gptm_Flag                     
20000289  Sec_Val                       
2000028a  Min_Val                       
2000028b  is_displayed                  
2000028c  Timer_Flag                    
ffffffff  __TI_pprof_out_hndl           
ffffffff  __TI_prof_data_size           
ffffffff  __TI_prof_data_start          
ffffffff  __binit__                     
ffffffff  __c_args__                    
ffffffff  binit                         
UNDEFED   __mpu_init                    
UNDEFED   _system_post_cinit            

[96 symbols]
